ℹ [3484/3676] Replayed BoundedWanderingDomains.AreaDeficitCore
info: BoundedWanderingDomains/AreaDeficitCore.lean:221:0: 'AreaDeficitCore.curvature_sign' depends on axioms: [propext, Classical.choice, Quot.sound]
info: BoundedWanderingDomains/AreaDeficitCore.lean:222:0: 'AreaDeficitCore.primitive_bounds' depends on axioms: [propext, Classical.choice, Quot.sound]
info: BoundedWanderingDomains/AreaDeficitCore.lean:223:0: 'AreaDeficitCore.slope_scaled_tendsto' depends on axioms: [propext, Classical.choice, Quot.sound]
info: BoundedWanderingDomains/AreaDeficitCore.lean:224:0: 'AreaDeficitCore.smooth_cutoff_bound' depends on axioms: [propext, Classical.choice, Quot.sound]
info: BoundedWanderingDomains/AreaDeficitCore.lean:225:0: 'AreaDeficitCore.fatou_uniform_bound' depends on axioms: [propext, Classical.choice, Quot.sound]
info: BoundedWanderingDomains/AreaDeficitCore.lean:226:0: 'AreaDeficitCore.positive_part_area_bound' depends on axioms: [propext, Classical.choice, Quot.sound]
ℹ [3751/4052] Replayed BoundedWanderingDomains.ConformalLaplacian
info: BoundedWanderingDomains/ConformalLaplacian.lean:113:0: 'AreaDeficit.pullback_density_curvature' depends on axioms: [propext, Classical.choice, Quot.sound]
ℹ [3752/4052] Replayed BoundedWanderingDomains.FinitePunctureMetricInput
info: BoundedWanderingDomains/FinitePunctureMetricInput.lean:144:0: 'AreaDeficit.FinitePunctureMetricInput.density_mono' depends on axioms: [propext, Classical.choice, Quot.sound]
info: BoundedWanderingDomains/FinitePunctureMetricInput.lean:145:0: 'AreaDeficit.FinitePunctureMetricInput.insertion_area_cost' depends on axioms: [propext, Classical.choice, Quot.sound]
ℹ [3753/4052] Replayed BoundedWanderingDomains.LocalMetricComparison
info: BoundedWanderingDomains/LocalMetricComparison.lean:138:0: 'AreaDeficit.FinitePunctureMetricInput.compact_log_comparison' depends on axioms: [propext,
 Classical.choice,
 Quot.sound]
ℹ [3754/4052] Replayed BoundedWanderingDomains.LocalIntegratedDeficit
info: BoundedWanderingDomains/LocalIntegratedDeficit.lean:147:0: 'AreaDeficit.FinitePunctureMetricInput.local_integrated_deficit' depends on axioms: [propext,
 Classical.choice,
 Quot.sound]
info: BoundedWanderingDomains/LocalIntegratedDeficit.lean:148:0: 'AreaDeficit.FinitePunctureMetricInput.local_area_advance' depends on axioms: [propext, Classical.choice, Quot.sound]
info: BoundedWanderingDomains/LocalIntegratedDeficit.lean:149:0: 'AreaDeficit.FinitePunctureMetricInput.local_cancellation_bound' depends on axioms: [propext,
 Classical.choice,
 Quot.sound]
ℹ [3755/4052] Replayed BoundedWanderingDomains.LocalPunctureSequence
info: BoundedWanderingDomains/LocalPunctureSequence.lean:98:0: 'AreaDeficit.exists_local_puncture_sequence' depends on axioms: [propext, Classical.choice, Quot.sound]
ℹ [3757/4052] Replayed BoundedWanderingDomains.ConditionalPositiveArea
info: BoundedWanderingDomains/ConditionalPositiveArea.lean:124:0: 'AreaDeficit.FinitePunctureMetricInput.null_local_wandering_set_with_anchors' depends on axioms: [propext,
 Classical.choice,
 Quot.sound]
info: BoundedWanderingDomains/ConditionalPositiveArea.lean:125:0: 'AreaDeficit.FinitePunctureMetricInput.null_local_wandering_set' depends on axioms: [propext,
 Classical.choice,
 Quot.sound]
ℹ [3758/4052] Replayed BoundedWanderingDomains.LocalDynamicalAreaBound
info: BoundedWanderingDomains/LocalDynamicalAreaBound.lean:52:0: 'AreaDeficit.FinitePunctureMetricInput.local_dynamical_area_bound' depends on axioms: [propext,
 Classical.choice,
 Quot.sound]
ℹ [3761/4052] Replayed BoundedWanderingDomains.DiscSchwarzPick
info: BoundedWanderingDomains/DiscSchwarzPick.lean:57:0: 'AreaDeficit.disc_schwarz_centre' depends on axioms: [propext, Classical.choice, Quot.sound]
ℹ [3762/4052] Replayed BoundedWanderingDomains.InteriorDensityLimit
info: BoundedWanderingDomains/InteriorDensityLimit.lean:119:0: 'AreaDeficit.FinitePunctureMetricInput.density_limit_lower' depends on axioms: [propext, Classical.choice, Quot.sound]
ℹ [3763/4052] Replayed BoundedWanderingDomains.ChartAreaLimit
info: BoundedWanderingDomains/ChartAreaLimit.lean:99:0: 'AreaDeficit.FinitePunctureMetricInput.chart_area_bound' depends on axioms: [propext, Classical.choice, Quot.sound]
info: BoundedWanderingDomains/ChartAreaLimit.lean:100:0: 'AreaDeficit.chart_disc_area' depends on axioms: [propext, Classical.choice, Quot.sound]
ℹ [3768/4052] Replayed BoundedWanderingDomains.ChartDiscs
info: BoundedWanderingDomains/ChartDiscs.lean:129:0: 'AreaDeficit.mapsTo_chartDisc' depends on axioms: [propext, Classical.choice, Quot.sound]
ℹ [3769/4052] Replayed BoundedWanderingDomains.ConditionalWanderingDomains
info: BoundedWanderingDomains/ConditionalWanderingDomains.lean:172:0: 'AreaDeficit.FinitePunctureMetricInput.no_wandering_chart_orbit_with_anchors' depends on axioms: [propext,
 Classical.choice,
 Quot.sound]
info: BoundedWanderingDomains/ConditionalWanderingDomains.lean:173:0: 'AreaDeficit.FinitePunctureMetricInput.no_wandering_component_orbit' depends on axioms: [propext,
 Classical.choice,
 Quot.sound]
ℹ [3770/4052] Replayed BoundedWanderingDomains.AreaDeficit
info: BoundedWanderingDomains/AreaDeficit.lean:17:0: 'AreaDeficit.beta_hasDerivAt' depends on axioms: [propext, Classical.choice, Quot.sound]
info: BoundedWanderingDomains/AreaDeficit.lean:18:0: 'AreaDeficit.green_laplacian' depends on axioms: [propext, Classical.choice, Quot.sound]
info: BoundedWanderingDomains/AreaDeficit.lean:19:0: 'AreaDeficit.laplacian_comp' depends on axioms: [propext, Classical.choice, Quot.sound]
info: BoundedWanderingDomains/AreaDeficit.lean:20:0: 'AreaDeficit.logBarrier_eventually_le' depends on axioms: [propext, Classical.choice, Quot.sound]
info: BoundedWanderingDomains/AreaDeficit.lean:21:0: 'AreaDeficit.puncturedBeta_contDiffAt' depends on axioms: [propext, Classical.choice, Quot.sound]
info: BoundedWanderingDomains/AreaDeficit.lean:22:0: 'AreaDeficit.positive_part_cutoff' depends on axioms: [propext, Classical.choice, Quot.sound]
info: BoundedWanderingDomains/AreaDeficit.lean:23:0: 'AreaDeficit.density_deficit_cutoff' depends on axioms: [propext, Classical.choice, Quot.sound]
info: BoundedWanderingDomains/AreaDeficit.lean:24:0: 'AreaDeficit.injOn_forwardOrbit' depends on axioms: [propext, Classical.choice, Quot.sound]
info: BoundedWanderingDomains/AreaDeficit.lean:25:0: 'AreaDeficit.finite_area_cancellation' depends on axioms: [propext, Classical.choice, Quot.sound]
info: BoundedWanderingDomains/AreaDeficit.lean:26:0: 'AreaDeficit.null_wandering_set_of_density_data' depends on axioms: [propext, Classical.choice, Quot.sound]
info: BoundedWanderingDomains/AreaDeficit.lean:27:0: 'AreaDeficit.finite_weighted_area_of_compact' depends on axioms: [propext, Classical.choice, Quot.sound]
info: BoundedWanderingDomains/AreaDeficit.lean:28:0: 'AreaDeficit.no_unbounded_limiting_wandering_areas' depends on axioms: [propext, Classical.choice, Quot.sound]
info: BoundedWanderingDomains/AreaDeficit.lean:29:0: 'AreaDeficit.analytic_localPunctures_finite' depends on axioms: [propext, Classical.choice, Quot.sound]
info: BoundedWanderingDomains/AreaDeficit.lean:30:0: 'AreaDeficit.analytic_trapped_inter_puncture_closure' depends on axioms: [propext, Classical.choice, Quot.sound]
info: BoundedWanderingDomains/AreaDeficit.lean:31:0: 'AreaDeficit.area_advance_of_integrated_defect' depends on axioms: [propext, Classical.choice, Quot.sound]
info: BoundedWanderingDomains/AreaDeficit.lean:32:0: 'AreaDeficit.wandering_area_bound_of_integrated_defect' depends on axioms: [propext, Classical.choice, Quot.sound]
info: BoundedWanderingDomains/AreaDeficit.lean:33:0: 'AreaDeficit.null_wandering_set_of_integrated_defects' depends on axioms: [propext, Classical.choice, Quot.sound]
info: BoundedWanderingDomains/AreaDeficit.lean:34:0: 'AreaDeficit.discDensity_curvature' depends on axioms: [propext, Classical.choice, Quot.sound]
info: BoundedWanderingDomains/AreaDeficit.lean:35:0: 'AreaDeficit.disc_area_lintegral' depends on axioms: [propext, Classical.choice, Quot.sound]
info: BoundedWanderingDomains/AreaDeficit.lean:36:0: 'AreaDeficit.disc_area_sqrt_nat' depends on axioms: [propext, Classical.choice, Quot.sound]
info: BoundedWanderingDomains/AreaDeficit.lean:37:0: 'AreaDeficit.no_uniform_disc_area_bound' depends on axioms: [propext, Classical.choice, Quot.sound]
info: BoundedWanderingDomains/AreaDeficit.lean:38:0: 'AreaDeficit.covering_centre_restriction_bound' depends on axioms: [propext, Classical.choice, Quot.sound]
info: BoundedWanderingDomains/AreaDeficit.lean:39:0: 'AreaDeficit.density_deficit_on_set' depends on axioms: [propext, Classical.choice, Quot.sound]
info: BoundedWanderingDomains/AreaDeficit.lean:40:0: 'AreaDeficit.holomorphic_change_of_variables' depends on axioms: [propext, Classical.choice, Quot.sound]
info: BoundedWanderingDomains/AreaDeficit.lean:41:0: 'AreaDeficit.holomorphic_area_advance_of_density_deficit' depends on axioms: [propext, Classical.choice, Quot.sound]
info: BoundedWanderingDomains/AreaDeficit.lean:42:0: 'AreaDeficit.localBackwardExceptionalSet_countable' depends on axioms: [propext, Classical.choice, Quot.sound]
info: BoundedWanderingDomains/AreaDeficit.lean:43:0: 'AreaDeficit.volume_sdiff_localBackwardExceptionalSet' depends on axioms: [propext, Classical.choice, Quot.sound]
info: BoundedWanderingDomains/AreaDeficit.lean:44:0: 'AreaDeficit.localBackwardExceptionalSet_congr_on' depends on axioms: [propext, Quot.sound]
info: BoundedWanderingDomains/AreaDeficit.lean:45:0: 'AreaDeficit.area_cost_on_set_of_total_cost' depends on axioms: [propext, Classical.choice, Quot.sound]
info: BoundedWanderingDomains/AreaDeficit.lean:46:0: 'AreaDeficit.finite_local_critical_points' depends on axioms: [propext, Classical.choice, Quot.sound]
info: BoundedWanderingDomains/AreaDeficit.lean:47:0: 'AreaDeficit.finite_local_critical_values' depends on axioms: [propext, Classical.choice, Quot.sound]
info: BoundedWanderingDomains/AreaDeficit.lean:48:0: 'AreaDeficit.compact_analytic_covering' depends on axioms: [propext, Classical.choice, Quot.sound]
info: BoundedWanderingDomains/AreaDeficit.lean:49:0: 'AreaDeficit.exists_local_disc_covering' depends on axioms: [propext, Classical.choice, Quot.sound]
info: BoundedWanderingDomains/AreaDeficit.lean:50:0: 'AreaDeficit.exists_holomorphic_covering_lift' depends on axioms: [propext, Classical.choice, Quot.sound]
info: BoundedWanderingDomains/AreaDeficit.lean:51:0: 'Complex.exists_bijOn_unitBall_map_eq_zero' depends on axioms: [propext, Classical.choice, Quot.sound]
info: BoundedWanderingDomains/AreaDeficit.lean:52:0: 'Complex.eqOn_zero_or_forall_ne_zero_of_tendstoLocallyUniformlyOn' depends on axioms: [propext,
 Classical.choice,
 Quot.sound]
info: BoundedWanderingDomains/AreaDeficit.lean:53:0: 'Complex.eqOn_const_or_injOn_of_tendstoLocallyUniformlyOn' depends on axioms: [propext, Classical.choice, Quot.sound]
info: BoundedWanderingDomains/AreaDeficit.lean:54:0: 'AreaDeficit.bounded_holomorphic_subsequence' depends on axioms: [propext, Classical.choice, Quot.sound]
info: BoundedWanderingDomains/AreaDeficit.lean:55:0: 'AreaDeficit.nonconstant_limit_avoids_closure' depends on axioms: [propext, Classical.choice, Quot.sound]
info: BoundedWanderingDomains/AreaDeficit.lean:56:0: 'AreaDeficit.limit_constant_at_omitted_closure' depends on axioms: [propext, Classical.choice, Quot.sound]
info: BoundedWanderingDomains/AreaDeficit.lean:57:0: 'AreaDeficit.disjoint_bounded_images_shrink' depends on axioms: [propext, Classical.choice, Quot.sound]
info: BoundedWanderingDomains/AreaDeficit.lean:58:0: 'FunctionTheory.exists_uniform_radius_of_compact_centres_omit_pair' depends on axioms: [propext,
 Classical.choice,
 Quot.sound]
info: BoundedWanderingDomains/AreaDeficit.lean:59:0: 'AreaDeficit.exists_uniform_local_lifting_radius' depends on axioms: [propext, Classical.choice, Quot.sound]
info: BoundedWanderingDomains/AreaDeficit.lean:61:0: 'AreaDeficit.FinitePunctureMetricInput.density_mono' depends on axioms: [propext, Classical.choice, Quot.sound]
info: BoundedWanderingDomains/AreaDeficit.lean:62:0: 'AreaDeficit.FinitePunctureMetricInput.insertion_area_cost' depends on axioms: [propext, Classical.choice, Quot.sound]
info: BoundedWanderingDomains/AreaDeficit.lean:63:0: 'AreaDeficit.FinitePunctureMetricInput.density_tendsto_atTop' depends on axioms: [propext, Classical.choice, Quot.sound]
info: BoundedWanderingDomains/AreaDeficit.lean:64:0: 'AreaDeficit.FinitePunctureMetricInput.density_limit_lower' depends on axioms: [propext, Classical.choice, Quot.sound]
info: BoundedWanderingDomains/AreaDeficit.lean:65:0: 'AreaDeficit.pullback_density_curvature' depends on axioms: [propext, Classical.choice, Quot.sound]
info: BoundedWanderingDomains/AreaDeficit.lean:66:0: 'AreaDeficit.exists_compact_cutoff' depends on axioms: [propext, Classical.choice, Quot.sound]
info: BoundedWanderingDomains/AreaDeficit.lean:67:0: 'AreaDeficit.FinitePunctureMetricInput.compact_log_comparison' depends on axioms: [propext,
 Classical.choice,
 Quot.sound]
info: BoundedWanderingDomains/AreaDeficit.lean:68:0: 'AreaDeficit.FinitePunctureMetricInput.local_integrated_deficit' depends on axioms: [propext,
 Classical.choice,
 Quot.sound]
info: BoundedWanderingDomains/AreaDeficit.lean:69:0: 'AreaDeficit.FinitePunctureMetricInput.local_area_advance' depends on axioms: [propext, Classical.choice, Quot.sound]
info: BoundedWanderingDomains/AreaDeficit.lean:70:0: 'AreaDeficit.FinitePunctureMetricInput.local_cancellation_bound' depends on axioms: [propext,
 Classical.choice,
 Quot.sound]
info: BoundedWanderingDomains/AreaDeficit.lean:71:0: 'AreaDeficit.exists_local_puncture_sequence' depends on axioms: [propext, Classical.choice, Quot.sound]
info: BoundedWanderingDomains/AreaDeficit.lean:72:0: 'AreaDeficit.FinitePunctureMetricInput.null_local_wandering_set' depends on axioms: [propext,
 Classical.choice,
 Quot.sound]
info: BoundedWanderingDomains/AreaDeficit.lean:73:0: 'AreaDeficit.disc_schwarz_centre' depends on axioms: [propext, Classical.choice, Quot.sound]
info: BoundedWanderingDomains/AreaDeficit.lean:74:0: 'AreaDeficit.barrier_component_eq_trapped_component' depends on axioms: [propext, Classical.choice, Quot.sound]
info: BoundedWanderingDomains/AreaDeficit.lean:75:0: 'AreaDeficit.FinitePunctureMetricInput.chart_area_bound' depends on axioms: [propext, Classical.choice, Quot.sound]
info: BoundedWanderingDomains/AreaDeficit.lean:76:0: 'AreaDeficit.chart_disc_area' depends on axioms: [propext, Classical.choice, Quot.sound]
info: BoundedWanderingDomains/AreaDeficit.lean:77:0: 'AreaDeficit.mapsTo_chartDisc' depends on axioms: [propext, Classical.choice, Quot.sound]
info: BoundedWanderingDomains/AreaDeficit.lean:78:0: 'AreaDeficit.chartDisc_eq' depends on axioms: [propext, Classical.choice, Quot.sound]
info: BoundedWanderingDomains/AreaDeficit.lean:79:0: 'AreaDeficit.FinitePunctureMetricInput.local_dynamical_area_bound' depends on axioms: [propext,
 Classical.choice,
 Quot.sound]
info: BoundedWanderingDomains/AreaDeficit.lean:80:0: 'AreaDeficit.FinitePunctureMetricInput.no_wandering_chart_orbit_with_anchors' depends on axioms: [propext,
 Classical.choice,
 Quot.sound]
info: BoundedWanderingDomains/AreaDeficit.lean:81:0: 'AreaDeficit.FinitePunctureMetricInput.no_wandering_component_orbit' depends on axioms: [propext,
 Classical.choice,
 Quot.sound]
ℹ [3781/4052] Replayed BoundedWanderingDomains.EntireFatouBridge
info: BoundedWanderingDomains/EntireFatouBridge.lean:74:0: 'AreaDeficit.fatou_orbit_eq_trapped_components' depends on axioms: [propext, Classical.choice, Quot.sound]
ℹ [3782/4052] Replayed BoundedWanderingDomains.EventualCompactDiscs
info: BoundedWanderingDomains/EventualCompactDiscs.lean:123:0: 'AreaDeficit.FinitePunctureMetricInput.no_wandering_chart_orbit_with_eventual_compact_discs' depends on axioms: [propext,
 Classical.choice,
 Quot.sound]
ℹ [3785/4052] Replayed BoundedWanderingDomains.TrappedComponentCovering
info: BoundedWanderingDomains/TrappedComponentCovering.lean:142:0: 'AreaDeficit.eventually_deriv_ne_zero_on_disjoint_domains' depends on axioms: [propext, Classical.choice, Quot.sound]
info: BoundedWanderingDomains/TrappedComponentCovering.lean:143:0: 'AreaDeficit.closure_component_preimage_trapped' depends on axioms: [propext, Classical.choice, Quot.sound]
ℹ [3786/4052] Replayed BoundedWanderingDomains.TrappedFilling
info: BoundedWanderingDomains/TrappedFilling.lean:24:0: 'AreaDeficit.bounded_region_subset_trapped_interior' depends on axioms: [propext, Classical.choice, Quot.sound]
ℹ [4007/4052] Replayed BoundedWanderingDomains.TrappedSimpleConnectivity
info: BoundedWanderingDomains/TrappedSimpleConnectivity.lean:70:0: 'AreaDeficit.trapped_closed_disc_no_bounded_complement' depends on axioms: [propext, Classical.choice, Quot.sound]
info: BoundedWanderingDomains/TrappedSimpleConnectivity.lean:71:0: 'AreaDeficit.bounded_fatou_orbit_simplyConnected' depends on axioms: [propext, Classical.choice, Quot.sound]
ℹ [4011/4052] Replayed BoundedWanderingDomains.BoundedPointWandering
info: BoundedWanderingDomains/BoundedPointWandering.lean:130:0: 'AreaDeficit.FinitePunctureMetricInput.no_wandering_fatou_orbit_of_bounded_point' depends on axioms: [propext,
 Classical.choice,
 Quot.sound]
ℹ [4051/4414] Replayed BoundedWanderingDomains.CoveringTotalArea
info: BoundedWanderingDomains/CoveringTotalArea.lean:59:0: 'AreaDeficit.IsHolomorphicDiscCovering.total_area' depends on axioms: [propext, Classical.choice, Quot.sound]
ℹ [4178/4414] Replayed RiemannDynamics.Uniformization.PuncturedPlaneCovering
info: RiemannDynamics/Uniformization/PuncturedPlaneCovering.lean:35:0: 'RiemannDynamics.exists_disc_covering_finitely_punctured_plane' depends on axioms: [propext,
 Classical.choice,
 Quot.sound]
ℹ [4179/4414] Replayed BoundedWanderingDomains.GeneralDomainCovering
info: BoundedWanderingDomains/GeneralDomainCovering.lean:79:0: 'RiemannDynamics.exists_disc_covering_open_domain' depends on axioms: [propext, Classical.choice, Quot.sound]
info: BoundedWanderingDomains/GeneralDomainCovering.lean:80:0: 'RiemannDynamics.exists_disc_covering_complement_component' depends on axioms: [propext, Classical.choice, Quot.sound]
info: BoundedWanderingDomains/GeneralDomainCovering.lean:81:0: 'AreaDeficit.IsHolomorphicDiscCovering.coveringDensity_eq' depends on axioms: [propext, Classical.choice, Quot.sound]
ℹ [4188/4414] Replayed BoundedWanderingDomains.SimplyConnectedFilling
info: BoundedWanderingDomains/SimplyConnectedFilling.lean:63:0: 'AreaDeficit.fill_subset_of_isSimplyConnected' depends on axioms: [propext, Classical.choice, Quot.sound]
ℹ [4189/4414] Replayed BoundedWanderingDomains.HolomorphicFilling
info: BoundedWanderingDomains/HolomorphicFilling.lean:65:0: 'AreaDeficit.image_fill_subset_fill_image' depends on axioms: [propext, Classical.choice, Quot.sound]
ℹ [4190/4414] Replayed BoundedWanderingDomains.LocalFilling
info: BoundedWanderingDomains/LocalFilling.lean:97:0: 'AreaDeficit.fill_subset_trapped_of_forward_fillings' depends on axioms: [propext, Classical.choice, Quot.sound]
ℹ [4191/4414] Replayed BoundedWanderingDomains.BakerCoveringDiscs
info: BoundedWanderingDomains/BakerCoveringDiscs.lean:102:0: 'AreaDeficit.eventually_covering_disc_embedded' depends on axioms: [propext, Classical.choice, Quot.sound]
ℹ [4193/4414] Replayed BoundedWanderingDomains.GeneralDensityLimit
info: BoundedWanderingDomains/GeneralDensityLimit.lean:181:0: 'AreaDeficit.FinitePunctureMetricInput.density_tendsto_component_cover' depends on axioms: [propext,
 Classical.choice,
 Quot.sound]
info: BoundedWanderingDomains/GeneralDensityLimit.lean:182:0: 'AreaDeficit.FinitePunctureMetricInput.exists_cover_and_density_limit' depends on axioms: [propext,
 Classical.choice,
 Quot.sound]
ℹ [4194/4414] Replayed BoundedWanderingDomains.CoveringDiscArea
info: BoundedWanderingDomains/CoveringDiscArea.lean:50:0: 'AreaDeficit.FinitePunctureMetricInput.covering_area_bound' depends on axioms: [propext, Classical.choice, Quot.sound]
ℹ [4195/4414] Replayed BoundedWanderingDomains.EventualCoveringDiscs
info: BoundedWanderingDomains/EventualCoveringDiscs.lean:127:0: 'AreaDeficit.FinitePunctureMetricInput.no_wandering_covering_orbit_with_eventual_embedded_discs' depends on axioms: [propext,
 Classical.choice,
 Quot.sound]
ℹ [4196/4414] Replayed BoundedWanderingDomains.LocalBoundedPointGeneral
info: BoundedWanderingDomains/LocalBoundedPointGeneral.lean:117:0: 'AreaDeficit.FinitePunctureMetricInput.no_wandering_local_orbit_of_compact_point_general' depends on axioms: [propext,
 Classical.choice,
 Quot.sound]
ℹ [4198/4414] Replayed RiemannDynamics.BoundedWanderingSolution
info: RiemannDynamics/BoundedWanderingSolution.lean:59:0: 'BoundedWanderingDomains.Unconditional.classicalDiscCoveringsAndArea' depends on axioms: [propext,
 Classical.choice,
 Quot.sound]
info: RiemannDynamics/BoundedWanderingSolution.lean:60:0: 'BoundedWanderingDomains.Unconditional.classicalHyperbolicMetrics' depends on axioms: [propext,
 Classical.choice,
 Quot.sound]
info: RiemannDynamics/BoundedWanderingSolution.lean:61:0: 'BoundedWanderingDomains.Unconditional.no_bounded_wandering_domains_transcendental_entire' depends on axioms: [propext,
 Classical.choice,
 Quot.sound]
info: RiemannDynamics/BoundedWanderingSolution.lean:62:0: 'BoundedWanderingDomains.Unconditional.no_local_bounded_wandering_domains' depends on axioms: [propext,
 Classical.choice,
 Quot.sound]
ℹ [4199/4414] Replayed Solution
info: Solution.lean:41:0: 'BoundedWanderingDomains.no_local_bounded_wandering_domains' depends on axioms: [propext, Classical.choice, Quot.sound]
info: Solution.lean:42:0: 'BoundedWanderingDomains.no_bounded_wandering_domains_transcendental_entire' depends on axioms: [propext,
 Classical.choice,
 Quot.sound]
⚠ [4201/4414] Replayed Challenge
warning: Challenge.lean:105:8: declaration uses `sorry`
warning: Challenge.lean:123:8: declaration uses `sorry`
ℹ [4205/4414] Replayed BoundedWanderingDomains.SphericalDerivedSet
info: BoundedWanderingDomains/SphericalDerivedSet.lean:166:0: 'BoundedWanderingDomains.infty_mem_sphericalDerivedSet_iff' depends on axioms: [propext, Classical.choice, Quot.sound]
info: BoundedWanderingDomains/SphericalDerivedSet.lean:167:0: 'BoundedWanderingDomains.exists_subsequence_tendsto_sphericalDerivedSet' depends on axioms: [propext,
 Classical.choice,
 Quot.sound]
info: BoundedWanderingDomains/SphericalDerivedSet.lean:168:0: 'BoundedWanderingDomains.exists_subsequence_of_eventually_near_sphericalDerivedSet' depends on axioms: [propext,
 Classical.choice,
 Quot.sound]
ℹ [4206/4414] Replayed BoundedWanderingDomains.SpherePole
info: BoundedWanderingDomains/SpherePole.lean:51:0: 'AreaDeficit.exists_sphere_pole_avoiding_compacts' depends on axioms: [propext, Classical.choice, Quot.sound]
ℹ [4207/4414] Replayed BoundedWanderingDomains.GeneralDomainMetric
info: BoundedWanderingDomains/GeneralDomainMetric.lean:194:0: 'AreaDeficit.closedComplementDensity_eq_cover' depends on axioms: [propext, Classical.choice, Quot.sound]
info: BoundedWanderingDomains/GeneralDomainMetric.lean:195:0: 'AreaDeficit.closedComplementDensity_pos' depends on axioms: [propext, Classical.choice, Quot.sound]
info: BoundedWanderingDomains/GeneralDomainMetric.lean:196:0: 'AreaDeficit.closedComplementDensity_mono' depends on axioms: [propext, Classical.choice, Quot.sound]
info: BoundedWanderingDomains/GeneralDomainMetric.lean:197:0: 'AreaDeficit.closedComplementDensity_contDiffAt' depends on axioms: [propext, Classical.choice, Quot.sound]
info: BoundedWanderingDomains/GeneralDomainMetric.lean:198:0: 'AreaDeficit.closedComplementDensity_curvature' depends on axioms: [propext, Classical.choice, Quot.sound]
info: BoundedWanderingDomains/GeneralDomainMetric.lean:199:0: 'AreaDeficit.measurable_closedComplementDensity' depends on axioms: [propext, Classical.choice, Quot.sound]
info: BoundedWanderingDomains/GeneralDomainMetric.lean:200:0: 'AreaDeficit.FinitePunctureMetricInput.density_tendsto_closedComplement' depends on axioms: [propext,
 Classical.choice,
 Quot.sound]
ℹ [4208/4414] Replayed BoundedWanderingDomains.GeneralPunctureCost
info: BoundedWanderingDomains/GeneralPunctureCost.lean:181:0: 'AreaDeficit.limiting_gain_bound' depends on axioms: [propext, Classical.choice, Quot.sound]
info: BoundedWanderingDomains/GeneralPunctureCost.lean:182:0: 'AreaDeficit.FinitePunctureMetricInput.finite_puncture_gain_bound' depends on axioms: [propext,
 Classical.choice,
 Quot.sound]
info: BoundedWanderingDomains/GeneralPunctureCost.lean:183:0: 'AreaDeficit.FinitePunctureMetricInput.areaWeight_tendsto_component_cover' depends on axioms: [propext,
 Classical.choice,
 Quot.sound]
info: BoundedWanderingDomains/GeneralPunctureCost.lean:184:0: 'AreaDeficit.FinitePunctureMetricInput.puncture_gain_bound_of_metric_limits' depends on axioms: [propext,
 Classical.choice,
 Quot.sound]
ℹ [4209/4414] Replayed BoundedWanderingDomains.GeneralClosedPuncture
info: BoundedWanderingDomains/GeneralClosedPuncture.lean:139:0: 'AreaDeficit.exists_finite_exhaustion_closed' depends on axioms: [propext, Classical.choice, Quot.sound]
info: BoundedWanderingDomains/GeneralClosedPuncture.lean:140:0: 'AreaDeficit.FinitePunctureMetricInput.point_removal_gain_le_one' depends on axioms: [propext,
 Classical.choice,
 Quot.sound]
ℹ [4210/4414] Replayed BoundedWanderingDomains.UnconditionalPointRemoval
info: BoundedWanderingDomains/UnconditionalPointRemoval.lean:93:0: 'AreaDeficit.canonicalFinitePunctureMetricInput' depends on axioms: [propext, Classical.choice, Quot.sound]
info: BoundedWanderingDomains/UnconditionalPointRemoval.lean:94:0: 'AreaDeficit.finite_removal_gain_le_card' depends on axioms: [propext, Classical.choice, Quot.sound]
info: BoundedWanderingDomains/UnconditionalPointRemoval.lean:95:0: 'AreaDeficit.point_removal_gain_le_two_pi_normalised' depends on axioms: [propext, Classical.choice, Quot.sound]
ℹ [4211/4414] Replayed BoundedWanderingDomains.AnchoredCompactComparison
info: BoundedWanderingDomains/AnchoredCompactComparison.lean:101:0: 'AreaDeficit.exists_uniform_disc_radius_avoiding_compact' depends on axioms: [propext, Classical.choice, Quot.sound]
info: BoundedWanderingDomains/AnchoredCompactComparison.lean:102:0: 'AreaDeficit.FinitePunctureMetricInput.uniform_log_gain_away_from_compact' depends on axioms: [propext,
 Classical.choice,
 Quot.sound]
ℹ [4212/4414] Replayed BoundedWanderingDomains.AnchoredCompactArea
info: BoundedWanderingDomains/AnchoredCompactArea.lean:236:0: 'AreaDeficit.FinitePunctureMetricInput.uniform_finite_compact_gain' depends on axioms: [propext,
 Classical.choice,
 Quot.sound]
info: BoundedWanderingDomains/AnchoredCompactArea.lean:237:0: 'AreaDeficit.FinitePunctureMetricInput.uniform_closed_compact_gain' depends on axioms: [propext,
 Classical.choice,
 Quot.sound]
info: BoundedWanderingDomains/AnchoredCompactArea.lean:238:0: 'AreaDeficit.uniform_closed_compact_gain_anchored' depends on axioms: [propext, Classical.choice, Quot.sound]
ℹ [4213/4414] Replayed BoundedWanderingDomains.AreaGainSubadditivity
info: BoundedWanderingDomains/AreaGainSubadditivity.lean:40:0: 'AreaDeficit.lintegral_gain_le_gain_add_gain' depends on axioms: [propext, Classical.choice, Quot.sound]
ℹ [4214/4414] Replayed BoundedWanderingDomains.AreaAnchorIndependence
info: BoundedWanderingDomains/AreaAnchorIndependence.lean:86:0: 'AreaDeficit.closedComplementDensity_anchor_independent' depends on axioms: [propext, Classical.choice, Quot.sound]
info: BoundedWanderingDomains/AreaAnchorIndependence.lean:87:0: 'AreaDeficit.closedComplementAreaWeight_anchor_independent' depends on axioms: [propext, Classical.choice, Quot.sound]
info: BoundedWanderingDomains/AreaAnchorIndependence.lean:88:0: 'AreaDeficit.closedComplementHyperbolicAreaWeight_anchor_independent' depends on axioms: [propext,
 Classical.choice,
 Quot.sound]
info: BoundedWanderingDomains/AreaAnchorIndependence.lean:89:0: 'AreaDeficit.hyperbolicAreaWeight_mono_any' depends on axioms: [propext, Classical.choice, Quot.sound]
info: BoundedWanderingDomains/AreaAnchorIndependence.lean:90:0: 'AreaDeficit.restrict_complement_union_finite' depends on axioms: [propext, Classical.choice, Quot.sound]
ℹ [4215/4414] Replayed BoundedWanderingDomains.UnnormalisedPointRemoval
info: BoundedWanderingDomains/UnnormalisedPointRemoval.lean:131:0: 'AreaDeficit.point_removal_gain_le_two_pi' depends on axioms: [propext, Classical.choice, Quot.sound]
info: BoundedWanderingDomains/UnnormalisedPointRemoval.lean:132:0: 'AreaDeficit.finite_removal_gain_le_two_pi_mul_card' depends on axioms: [propext, Classical.choice, Quot.sound]
ℹ [4216/4414] Replayed BoundedWanderingDomains.AreaAnchorFree
info: BoundedWanderingDomains/AreaAnchorFree.lean:141:0: 'AreaDeficit.uniform_compact_gain_plane' depends on axioms: [propext, Classical.choice, Quot.sound]
ℹ [4217/4414] Replayed BoundedWanderingDomains.ConformalDensityInvariance
info: BoundedWanderingDomains/ConformalDensityInvariance.lean:130:0: 'AreaDeficit.closedComplementDensity_conformal_equiv' depends on axioms: [propext, Classical.choice, Quot.sound]
ℹ [4218/4414] Replayed BoundedWanderingDomains.SingularValues
info: BoundedWanderingDomains/SingularValues.lean:83:0: 'ComplexDynamics.isCoveringMapOn_compl_singularValues' depends on axioms: [propext, Classical.choice, Quot.sound]
info: BoundedWanderingDomains/SingularValues.lean:84:0: 'AreaDeficit.singular_covering_injOn_domain' depends on axioms: [propext, Classical.choice, Quot.sound]
ℹ [4224/4414] Replayed Ray.Misc.Bounds
info: Ray/Misc/Bounds.lean:74:6: Try this:
  [apply] rwa [← ak]

Note: This linter can be disabled with `set_option linter.tacticAnalysis.rwaSuggestion false`
info: Ray/Misc/Bounds.lean:344:34: Try this:
  [apply] rwa [← zw]

Note: This linter can be disabled with `set_option linter.tacticAnalysis.rwaSuggestion false`
ℹ [4229/4414] Replayed Ray.Misc.Multilinear
info: Ray/Misc/Multilinear.lean:67:4: Try this:
  [apply] rwa [fstCmmap_apply, norm_one] at lo

Note: This linter can be disabled with `set_option linter.tacticAnalysis.rwaSuggestion false`
info: Ray/Misc/Multilinear.lean:80:4: Try this:
  [apply] rwa [sndCmmap_apply, norm_one] at lo

Note: This linter can be disabled with `set_option linter.tacticAnalysis.rwaSuggestion false`
ℹ [4235/4414] Replayed Ray.Hartogs.Osgood
info: Ray/Hartogs/Osgood.lean:378:4: Try this:
  [apply] rwa [← Nat.add_sub_assoc n0n n0, Nat.add_sub_cancel_left] at sb

Note: This linter can be disabled with `set_option linter.tacticAnalysis.rwaSuggestion false`
info: Ray/Hartogs/Osgood.lean:403:38: Try this:
  [apply] rwa [abs_of_pos h.rp, div_lt_one h.rp]

Note: This linter can be disabled with `set_option linter.tacticAnalysis.rwaSuggestion false`
ℹ [4243/4414] Replayed Ray.Analytic.Products
info: Ray/Analytic/Products.lean:163:26: Try this:
  [apply] rwa [← hg]

Note: This linter can be disabled with `set_option linter.tacticAnalysis.rwaSuggestion false`
ℹ [4404/4414] Replayed BoundedWanderingDomains.TractFillingObstruction
info: BoundedWanderingDomains/TractFillingObstruction.lean:80:0: 'AreaDeficit.not_classB_of_surrounding_escaping_continua' depends on axioms: [propext, Classical.choice, Quot.sound]
ℹ [4420/4463] Replayed BoundedWanderingDomains.SphericalClusterSet
info: BoundedWanderingDomains/SphericalClusterSet.lean:89:0: 'BoundedWanderingDomains.eventually_mem_of_sphericalClusterSet_subset' depends on axioms: [propext,
 Classical.choice,
 Quot.sound]
info: BoundedWanderingDomains/SphericalClusterSet.lean:90:0: 'BoundedWanderingDomains.sphericalClusterSet_disjoint_initial' depends on axioms: [propext,
 Classical.choice,
 Quot.sound]
ℹ [4421/4463] Replayed BoundedWanderingDomains.SphericalShrinking
info: BoundedWanderingDomains/SphericalShrinking.lean:401:0: 'AreaDeficit.inverse_riemann_maps_shrink' depends on axioms: [propext, Classical.choice, Quot.sound]
info: BoundedWanderingDomains/SphericalShrinking.lean:402:0: 'AreaDeficit.eventually_chartDisc_subset_cluster_neighbourhood' depends on axioms: [propext,
 Classical.choice,
 Quot.sound]
ℹ [4423/4463] Replayed BoundedWanderingDomains.ClassBFillLimits
info: BoundedWanderingDomains/ClassBFillLimits.lean:103:0: 'AreaDeficit.uniform_spherical_constant_on_fill' depends on axioms: [propext, Classical.choice, Quot.sound]
ℹ [4425/4463] Replayed BoundedWanderingDomains.BackwardOrbitModels
info: BoundedWanderingDomains/BackwardOrbitModels.lean:95:0: 'BoundedWanderingDomains.exists_finite_backward_orbit_models' depends on axioms: [propext, Classical.choice, Quot.sound]
ℹ [4426/4463] Replayed BoundedWanderingDomains.BackwardOrbitMontel
info: BoundedWanderingDomains/BackwardOrbitMontel.lean:95:0: 'BoundedWanderingDomains.backwardOrbit_complement_subset_fatouSet' depends on axioms: [propext,
 Classical.choice,
 Quot.sound]
ℹ [4427/4463] Replayed BoundedWanderingDomains.ClassBWanderingConnectivity
info: BoundedWanderingDomains/ClassBWanderingConnectivity.lean:118:0: 'AreaDeficit.classB_wandering_component_simplyConnected' depends on axioms: [propext, Classical.choice, Quot.sound]
ℹ [4428/4463] Replayed BoundedWanderingDomains.FinitePunctureArea
info: BoundedWanderingDomains/FinitePunctureArea.lean:110:0: 'AreaDeficit.finite_puncture_hyperbolicArea' depends on axioms: [propext, Classical.choice, Quot.sound]
info: BoundedWanderingDomains/FinitePunctureArea.lean:111:0: 'AreaDeficit.finite_puncture_hyperbolicArea_ne_top' depends on axioms: [propext, Classical.choice, Quot.sound]
ℹ [4429/4463] Replayed BoundedWanderingDomains.CoveringDensityPullback
info: BoundedWanderingDomains/CoveringDensityPullback.lean:204:0: 'AreaDeficit.closedComplementDensity_covering_pullback' depends on axioms: [propext, Classical.choice, Quot.sound]
info: BoundedWanderingDomains/CoveringDensityPullback.lean:205:0: 'AreaDeficit.closedComplementDensity_le_covering_pullback' depends on axioms: [propext, Classical.choice, Quot.sound]
info: BoundedWanderingDomains/CoveringDensityPullback.lean:206:0: 'AreaDeficit.hyperbolicArea_le_image_of_covering' depends on axioms: [propext, Classical.choice, Quot.sound]
ℹ [4430/4463] Replayed BoundedWanderingDomains.FiniteModelCancellation
info: BoundedWanderingDomains/FiniteModelCancellation.lean:71:0: 'AreaDeficit.finite_model_area_bound' depends on axioms: [propext, Classical.choice, Quot.sound]
ℹ [4431/4463] Replayed BoundedWanderingDomains.IntrinsicChartAreaLimit
info: BoundedWanderingDomains/IntrinsicChartAreaLimit.lean:51:0: 'AreaDeficit.intrinsic_chart_area_bound' depends on axioms: [propext, Classical.choice, Quot.sound]
ℹ [4432/4463] Replayed BoundedWanderingDomains.SphereCompactSeparation
info: BoundedWanderingDomains/SphereCompactSeparation.lean:44:0: 'BoundedWanderingDomains.exists_disjoint_compact_sphere_neighborhoods' depends on axioms: [propext,
 Classical.choice,
 Quot.sound]
ℹ [4433/4463] Replayed BoundedWanderingDomains.FiniteExceptionalComponents
info: BoundedWanderingDomains/FiniteExceptionalComponents.lean:51:0: 'BoundedWanderingDomains.eventually_components_avoid_finite_set' depends on axioms: [propext,
 Classical.choice,
 Quot.sound]
ℹ [4434/4463] Replayed BoundedWanderingDomains.DerivedSetExceptionalAvoidance
info: BoundedWanderingDomains/DerivedSetExceptionalAvoidance.lean:36:0: 'BoundedWanderingDomains.eventually_components_avoid_outside_spherical_derived_neighbourhood' depends on axioms: [propext,
 Classical.choice,
 Quot.sound]
ℹ [4435/4463] Replayed BoundedWanderingDomains.SingularDiscInjectivity
info: BoundedWanderingDomains/SingularDiscInjectivity.lean:78:0: 'AreaDeficit.eventually_injOn_chartDisc_of_avoid_singularValues' depends on axioms: [propext,
 Classical.choice,
 Quot.sound]
info: BoundedWanderingDomains/SingularDiscInjectivity.lean:79:0: 'AreaDeficit.eventually_injOn_chartDisc_of_chartDisc_avoid_singularValues' depends on axioms: [propext,
 Classical.choice,
 Quot.sound]
ℹ [4436/4463] Replayed BoundedWanderingDomains.DerivedSetDiscControl
info: BoundedWanderingDomains/DerivedSetDiscControl.lean:102:0: 'AreaDeficit.eventually_chartDisc_avoid_of_cluster_disjoint_sphericalDerivedSet' depends on axioms: [propext,
 Classical.choice,
 Quot.sound]
info: BoundedWanderingDomains/DerivedSetDiscControl.lean:103:0: 'AreaDeficit.eventually_injOn_chartDisc_of_cluster_disjoint_singularDerivedSet' depends on axioms: [propext,
 Classical.choice,
 Quot.sound]
ℹ [4437/4463] Replayed BoundedWanderingDomains.SphericalEscape
info: BoundedWanderingDomains/SphericalEscape.lean:51:0: 'BoundedWanderingDomains.exists_subsequence_tendsto_infty_of_unbounded' depends on axioms: [propext,
 Classical.choice,
 Quot.sound]
ℹ [4438/4463] Replayed BoundedWanderingDomains.SphericalSingularUnbounded
info: BoundedWanderingDomains/SphericalSingularUnbounded.lean:47:0: 'BoundedWanderingDomains.wandering_orbit_subsequence_of_unbounded_set' depends on axioms: [propext,
 Classical.choice,
 Quot.sound]
ℹ [4439/4463] Replayed BoundedWanderingDomains.SphericalSingularValues
info: BoundedWanderingDomains/SphericalSingularValues.lean:49:0: 'ComplexDynamics.infty_mem_derivedSet_sphericalSingularValues_iff' depends on axioms: [propext,
 Classical.choice,
 Quot.sound]
⚠ [4441/4463] Replayed SingularLimitsChallenge
warning: SingularLimitsChallenge.lean:100:8: declaration uses `sorry`
✔ [4443/4463] Built FunctionTheory.RiemannSphere.Basic (3.2s)
✔ [4444/4463] Built FunctionTheory.RiemannSphere.Coordinates (2.6s)
ℹ [4445/4463] Replayed BoundedWanderingDomains.SphereChartCompact
info: BoundedWanderingDomains/SphereChartCompact.lean:102:0: 'AreaDeficit.compact_sphere_set_in_pole_chart' depends on axioms: [propext, Classical.choice, Quot.sound]
info: BoundedWanderingDomains/SphereChartCompact.lean:103:0: 'AreaDeficit.uniform_compact_gain_in_pole_chart' depends on axioms: [propext, Classical.choice, Quot.sound]
ℹ [4446/4463] Replayed BoundedWanderingDomains.SphereChartTransition
info: BoundedWanderingDomains/SphereChartTransition.lean:228:0: 'AreaDeficit.sphereChartTransition_differentiableOn_compl' depends on axioms: [propext, Classical.choice, Quot.sound]
info: BoundedWanderingDomains/SphereChartTransition.lean:229:0: 'AreaDeficit.sphereChartTransition_leftInverse_on_compl' depends on axioms: [propext, Classical.choice, Quot.sound]
info: BoundedWanderingDomains/SphereChartTransition.lean:230:0: 'AreaDeficit.sphere_chart_density_transform' depends on axioms: [propext, Classical.choice, Quot.sound]
info: BoundedWanderingDomains/SphereChartTransition.lean:231:0: 'AreaDeficit.sphere_chart_hyperbolic_area_image' depends on axioms: [propext, Classical.choice, Quot.sound]
info: BoundedWanderingDomains/SphereChartTransition.lean:232:0: 'AreaDeficit.sphere_chart_hyperbolic_gain_image' depends on axioms: [propext, Classical.choice, Quot.sound]
ℹ [4447/4463] Replayed BoundedWanderingDomains.SphereHyperbolicArea
info: BoundedWanderingDomains/SphereHyperbolicArea.lean:222:0: 'AreaDeficit.sphereHyperbolicArea_independent' depends on axioms: [propext, Classical.choice, Quot.sound]
info: BoundedWanderingDomains/SphereHyperbolicArea.lean:223:0: 'AreaDeficit.sphereHyperbolicAreaGain_independent' depends on axioms: [propext, Classical.choice, Quot.sound]
ℹ [4448/4463] Replayed BoundedWanderingDomains.SpherePointRemoval
info: BoundedWanderingDomains/SpherePointRemoval.lean:71:0: 'AreaDeficit.sphere_point_removal_gain_le_two_pi' depends on axioms: [propext, Classical.choice, Quot.sound]
ℹ [4449/4463] Replayed BoundedWanderingDomains.SphereCompactRemoval
info: BoundedWanderingDomains/SphereCompactRemoval.lean:256:0: 'AreaDeficit.uniform_compact_gain_sphere' depends on axioms: [propext, Classical.choice, Quot.sound]
ℹ [4450/4463] Replayed BoundedWanderingDomains.SphereAreaGainTransitivity
info: BoundedWanderingDomains/SphereAreaGainTransitivity.lean:69:0: 'AreaDeficit.sphereHyperbolicAreaGain_trans' depends on axioms: [propext, Classical.choice, Quot.sound]
ℹ [4451/4463] Replayed BoundedWanderingDomains.SphereFiniteRemoval
info: BoundedWanderingDomains/SphereFiniteRemoval.lean:106:0: 'AreaDeficit.sphere_finite_removal_gain_le_two_pi_mul_card' depends on axioms: [propext, Classical.choice, Quot.sound]
info: BoundedWanderingDomains/SphereFiniteRemoval.lean:107:0: 'AreaDeficit.sphere_finite_puncture_gain_le_two_pi_mul_card' depends on axioms: [propext, Classical.choice, Quot.sound]
ℹ [4452/4463] Replayed BoundedWanderingDomains.SphereCombinedRemoval
info: BoundedWanderingDomains/SphereCombinedRemoval.lean:68:0: 'AreaDeficit.uniform_compact_finite_gain_sphere' depends on axioms: [propext, Classical.choice, Quot.sound]
ℹ [4453/4463] Replayed BoundedWanderingDomains.FinitePunctureSphereArea
info: BoundedWanderingDomains/FinitePunctureSphereArea.lean:79:0: 'AreaDeficit.finiteSphereMetricData_total_area' depends on axioms: [propext, Classical.choice, Quot.sound]
ℹ [4454/4463] Replayed BoundedWanderingDomains.SingularAreaGain
info: BoundedWanderingDomains/SingularAreaGain.lean:83:0: 'AreaDeficit.uniform_singular_gain_finite_models' depends on axioms: [propext, Classical.choice, Quot.sound]
ℹ [4455/4463] Replayed BoundedWanderingDomains.DerivedSetAreaContradiction
info: BoundedWanderingDomains/DerivedSetAreaContradiction.lean:169:0: 'AreaDeficit.not_disjoint_cluster_singularDerivedSet_of_finite_models_with_exceptions' depends on axioms: [propext,
 Classical.choice,
 Quot.sound]
ℹ [4456/4463] Replayed BoundedWanderingDomains.SimplyConnectedSingularLimits
info: BoundedWanderingDomains/SimplyConnectedSingularLimits.lean:73:0: 'BoundedWanderingDomains.wandering_orbit_subsequence_singularDerivedSet_of_simplyConnected' depends on axioms: [propext,
 Classical.choice,
 Quot.sound]
ℹ [4457/4463] Replayed BoundedWanderingDomains.SingularLimitConsequences
info: BoundedWanderingDomains/SingularLimitConsequences.lean:43:0: 'BoundedWanderingDomains.no_escaping_simplyConnected_wandering_orbit_of_classB' depends on axioms: [propext,
 Classical.choice,
 Quot.sound]
ℹ [4458/4463] Replayed BoundedWanderingDomains.SingularLimits
info: BoundedWanderingDomains/SingularLimits.lean:65:0: 'BoundedWanderingDomains.wandering_orbit_subsequence_spherical_singular_derivedSet' depends on axioms: [propext,
 Classical.choice,
 Quot.sound]
ℹ [4459/4463] Replayed BoundedWanderingDomains.LocallyUniformSingularLimits
info: BoundedWanderingDomains/LocallyUniformSingularLimits.lean:94:0: 'BoundedWanderingDomains.wandering_orbit_locallyUniform_spherical_singular_derivedSet' depends on axioms: [propext,
 Classical.choice,
 Quot.sound]
info: BoundedWanderingDomains/LocallyUniformSingularLimits.lean:95:0: 'BoundedWanderingDomains.no_escaping_wandering_orbit_of_classB' depends on axioms: [propext,
 Classical.choice,
 Quot.sound]
ℹ [4460/4463] Replayed NewResults
info: NewResults.lean:26:0: 'AreaDeficit.uniform_compact_gain_sphere' depends on axioms: [propext, Classical.choice, Quot.sound]
info: NewResults.lean:27:0: 'AreaDeficit.sphere_finite_puncture_gain_le_two_pi_mul_card' depends on axioms: [propext, Classical.choice, Quot.sound]
info: NewResults.lean:28:0: 'BoundedWanderingDomains.wandering_orbit_locallyUniform_spherical_singular_derivedSet' depends on axioms: [propext,
 Classical.choice,
 Quot.sound]
info: NewResults.lean:29:0: 'BoundedWanderingDomains.no_escaping_wandering_orbit_of_classB' depends on axioms: [propext,
 Classical.choice,
 Quot.sound]
ℹ [4462/4463] Replayed SingularLimitsSolution
info: SingularLimitsSolution.lean:10:0: 'BoundedWanderingDomains.wandering_orbit_locallyUniform_spherical_singular_derivedSet' depends on axioms: [propext,
 Classical.choice,
 Quot.sound]
Build completed successfully (4463 jobs).
