⚠ [628/644] Replayed BoundedWanderingDomains.WanderingSets
warning: BoundedWanderingDomains/WanderingSets.lean:3:0: 'Mathlib.Data.Set.Lattice' has been deprecated: please replace this import by

import Mathlib.Data.Set.Lattice.Bounded
import Mathlib.Data.Set.Lattice.Disjoint
import Mathlib.Data.Set.Lattice.Image
import Mathlib.Data.Set.Lattice.Indexed
import Mathlib.Data.Set.Lattice.Order
✔ [3758/3761] Built BoundedWanderingDomains.DiscRestriction (58s)
✔ [3777/3789] Built BoundedWanderingDomains.ConditionalPositiveArea (56s)
✔ [3786/3795] Built BoundedWanderingDomains.TrappedFilling (44s)
✔ [3837/3856] Built BoundedWanderingDomains.AreaDeficit (44s)
✔ [4022/4030] Built BoundedWanderingDomains.CoveringExhaustion (38s)
✔ [4027/4035] Built BoundedWanderingDomains.IdealTriangleIntegral (40s)
✔ [4030/4037] Built FunctionTheory.Conformal.KernelSeparation (33s)
✔ [4031/4051] Built BoundedWanderingDomains.IdealTriangleArea (40s)
⚠ [4039/4051] Replayed BoundedWanderingDomains.LogKernelBounds
warning: BoundedWanderingDomains/LogKernelBounds.lean:90:47: This simp argument is unused:
  sq_abs

Hint: Omit it from the simp argument list.
  [apply] simp only [sub_eq_add_neg, abs_div, abs_pow, abs_norm, Real.norm_eq_abs]

Note: This linter can be disabled with `set_option linter.unusedSimpArgs false`
✔ [4051/4054] Built FunctionTheory.Conformal.KernelImage (35s)
✔ [4052/4054] Built FunctionTheory.Conformal.InverseLimits (39s)
✔ [4053/4054] Built BoundedWanderingDomains.CoveringLimitBranches (38s)
✔ [4054/4054] Built BoundedWanderingDomains.All (38s)
Build completed successfully (4054 jobs).
