{"total_local_modules": 396, "already_compiled": 138, "remaining": 258}
1: BoundedWanderingDomains.CoveringAreaTransport: exit 0
2: BoundedWanderingDomains.CoveringMetricInput: exit 0
3: BoundedWanderingDomains.IdealTriangleArea: exit 0
4: BoundedWanderingDomains.ShrinkingChartDiscs: exit 0
5: FunctionTheory.Conformal.BlochUnit: exit 0
6: FunctionTheory.Conformal.KernelImage: exit 0
7: RMT4.has_sqrt: exit 0
8: RiemannDynamics.Analysis.Potential.PoissonDirichlet: exit 0
9: RiemannDynamics.Analysis.Winding.Basic: exit 0
10: RiemannDynamics.NormalFamilies.Basic: exit 0
11: RiemannDynamics.Sphere.Basic: exit 0
12: Runge.PoleShift: exit 0
13: Runge.SmoothCutoff: exit 0
14: Runge.UniformClosure: exit 0
15: Schoenflies.Concatenate: exit 0
16: Schoenflies.Graph.Degree: exit 0
17: Schoenflies.Graph.Walk: exit 0
18: Schoenflies.Line: exit 0
19: Schoenflies.LocallyPolygonal: exit 0
20: Schoenflies.Polygonal: exit 0
21: Schoenflies.PolygonalCarrier: exit 0
22: Schoenflies.SegmentMeet: exit 0
23: Schoenflies.SegmentOrder: exit 0
24: Schoenflies.SquareMover: exit 0
25: Schoenflies.Strip: exit 0
26: Schoenflies.Subarc: exit 0
27: Schoenflies.Topology: exit 0
28: TauCeti.Analysis.Calculus.DSlope.Basic: exit 0
29: TauCeti.Analysis.Complex.Conformal.Biholomorph: exit 0
30: TauCeti.Analysis.Complex.Conformal.DiscInjection: exit 0
31: TauCeti.Analysis.Complex.Conformal.Hurwitz: exit 0
32: TauCeti.Analysis.Complex.Conformal.Montel.Precompact: exit 0
33: TauCeti.Analysis.Complex.Conformal.Reflection.Basic: exit 0
34: TauCeti.Analysis.Complex.Conformal.Removability.Basic: exit 0
35: TauCeti.Analysis.Complex.Conformal.Schwarz: exit 0
36: TauCeti.Analysis.Complex.Conformal.SchwarzPick.Basic: exit 0
37: TauCeti.Analysis.Complex.UnitDisc.Basic: exit 0
38: TauCeti.Analysis.Normed.Module.Ball.Exterior: exit 0
39: TauCeti.Analysis.Normed.Module.HalfSpace: exit 0
40: TauCeti.Topology.Frontier: exit 0
41: BoundedWanderingDomains.LocalDiscInjectivity: exit 0
42: FunctionTheory.Conformal.BlochDerivativeBound: exit 0
43: FunctionTheory.Conformal.InverseLimits: exit 0
44: RiemannDynamics.Analysis.Potential.HarmonicHarnack: exit 0
45: RiemannDynamics.Analysis.Potential.Subharmonic: exit 0
46: RiemannDynamics.Analysis.Winding.GridPrimitives.Basic: exit 0
47: RiemannDynamics.Sphere.MobiusAction: exit 0
48: RiemannDynamics.Sphere.SphericalMetric: exit 0
49: Runge.CauchyGreen: exit 0
50: Runge.CauchyKernel: exit 0
51: Runge.PoleTopology: exit 0
52: Runge.UniformOperations: exit 0
53: Schoenflies.ArcMonotone: exit 0
54: Schoenflies.CrosscutAtMostTwo: exit 0
55: Schoenflies.CrosscutCells: exit 0
56: Schoenflies.Graph.Cycle: exit 0
57: Schoenflies.Graph.Drawing: exit 0
58: Schoenflies.Graph.PathGraph: exit 0
59: Schoenflies.Graph.TwoConnected: exit 0
60: Schoenflies.ModelCurve: exit 0
61: Schoenflies.PolyLocal: exit 0
62: Schoenflies.StripConnected: exit 0
63: Schoenflies.StripConstants: exit 0
64: Schoenflies.Subdivide: exit 0
65: Schoenflies.TwoArcs: exit 0
66: TauCeti.Analysis.Complex.Conformal.Montel.Basic: exit 0
67: TauCeti.Analysis.Complex.Conformal.Reflection.Principle: exit 0
68: TauCeti.Analysis.Complex.Conformal.UnitDisc.Automorphism.Basic: exit 0
69: TauCeti.Topology.FilledHull: exit 0
70: BoundedWanderingDomains.CoveringLimitBranches: exit 0
71: FunctionTheory.Conformal.LittlePicardBloch: exit 0
72: FunctionTheory.Conformal.SchottkyEstimate: exit 0
73: RiemannDynamics.Analysis.Potential.PerronEnvelope: exit 0
74: RiemannDynamics.Analysis.Winding.GridPrimitives.Join: exit 0
75: RiemannDynamics.NormalFamilies.Spherical: exit 0
76: Runge.IntegralTransforms: exit 0
77: Runge.PoleAlgebra: exit 0
78: Runge.PolesAtInfinity: exit 0
79: Runge.RectangleKernel: exit 0
80: Schoenflies.CombinatorialInvariance: exit 0
81: Schoenflies.GeneralCrosscut: exit 0
82: Schoenflies.Graph.Component: exit 0
83: Schoenflies.Graph.CycleJordan: exit 0
84: Schoenflies.Graph.Ear: exit 0
85: Schoenflies.Graph.OuterFace: exit 0
86: Schoenflies.Graph.Relabel: exit 0
87: Schoenflies.Graph.Tree: exit 0
88: Schoenflies.Graph.TwoPaths: exit 0
89: Schoenflies.Graph.VertexSquares: exit 0
90: Schoenflies.Overlay: exit 0
91: Schoenflies.Parity: exit 0
92: Schoenflies.StripLocal: exit 0
93: TauCeti.Analysis.Complex.Conformal.ExtremalFamily: exit 0
94: TauCeti.Analysis.Complex.Conformal.SchwarzPick.Isometry: exit 0
95: TauCeti.Analysis.Normed.Module.FilledHull: exit 0
96: ComplexApproximation.Topology.FilledContinua: exit 0
97: FunctionTheory.Conformal.SchottkyDisc: exit 0
98: RiemannDynamics.Analysis.GrotzschRing.RingPotential: exit 0
99: RiemannDynamics.Analysis.Winding.GridPrimitives.Loop: exit 0
100: RiemannDynamics.Uniformization.SphereManifold: exit 0
101: Runge.RationalApproximation: exit 0
102: Runge.RationalGeneration: exit 0
103: Schoenflies.ArcCollars: exit 0
104: Schoenflies.GeneratedStructure: exit 0
105: Schoenflies.Graph.K33: exit 0
106: Schoenflies.Graph.Redrawing: exit 0
107: Schoenflies.Graph.RelativeEar: exit 0
108: Schoenflies.OverlayGraph: exit 0
109: Schoenflies.PolygonBridge: exit 0
110: TauCeti.Analysis.Complex.Conformal.Koebe: exit 0
111: TauCeti.Analysis.Complex.Conformal.UnitDisc.Automorphism.Rotation: exit 0
112: BoundedWanderingDomains.CuspDensityBounds: exit 0
113: ComplexApproximation.Topology.FillingInterior: exit 0
114: FunctionTheory.Conformal.SchottkyConfinement: exit 0
115: RiemannDynamics.Analysis.Winding.GridPrimitives.Primitives: exit 0
116: RiemannDynamics.Uniformization.HolomorphicEquiv: exit 0
117: RiemannDynamics.Uniformization.Perron.HarmonicTransfer: exit 0
118: Runge.PrescribedPoles: exit 0
119: Schoenflies.FaceCycles: exit 0
120: Schoenflies.PolygonalJordan: exit 0
121: Schoenflies.RefinementStars: exit 0
122: Schoenflies.SimpleArc: exit 0
123: Schoenflies.SquareMesh: exit 0
124: TauCeti.Analysis.Complex.Conformal.RiemannMapping.Existence: exit 0
125: TauCeti.Analysis.Complex.Conformal.UnitDisc.Automorphism.Classification: exit 0
126: BoundedWanderingDomains.CuspAffineBounds: exit 0
127: BoundedWanderingDomains.PunctureDensityLimits: exit 0
128: BoundedWanderingDomains.UniformLocalLifting: exit 0
129: RiemannDynamics.Uniformization.Perron.SurfaceHarmonic: exit 0
130: Runge.Holomorphic: exit 0
131: Schoenflies.AccessibleJoin: exit 0
132: Schoenflies.ArcComplementPrep: exit 0
133: Schoenflies.ParitySplitting: exit 0
134: Schoenflies.SkeletonLocal: exit 0
135: Schoenflies.SquareMeshConnected: exit 0
136: TauCeti.Analysis.Complex.Conformal.RiemannMapping.Conformal: exit 0
137: TauCeti.Analysis.Complex.Conformal.RiemannMapping.Uniqueness: exit 0
138: BoundedWanderingDomains.CuspLogLimit: exit 0
139: BoundedWanderingDomains.LocalMetricComparison: exit 0
140: BoundedWanderingDomains.OmittedPairCompactness: exit 0
141: RiemannDynamics.Uniformization.Perron.GreensFunction.Basic: exit 0
142: RiemannDynamics.Uniformization.Perron.PathCover: exit 0
143: Runge.PolynomialSeparation: exit 0
144: Schoenflies.PolygonalCrosscut: exit 0
145: Schoenflies.SkeletonSectors: exit 0
146: Schoenflies.SquareMeshFixed: exit 0
147: TauCeti.Analysis.Complex.Conformal.RiemannMapping.Normalization: exit 0
148: BoundedWanderingDomains.CuspEndLimits: exit 0
149: BoundedWanderingDomains.InteriorDensityLimit: exit 0
150: BoundedWanderingDomains.LocalIntegratedDeficit: exit 0
151: EremenkosConjecture.FullNeighbourhoods: exit 0
152: FunctionTheory.Conformal.RiemannMapping: exit 0
153: RiemannDynamics.Uniformization.CoverCountable: exit 0
154: RiemannDynamics.Uniformization.Perron.GreensFunction.Envelope: exit 0
155: Schoenflies.AlternatingCrosscuts: exit 0
156: Schoenflies.LocalGrid: exit 0
157: Schoenflies.Realization: exit 0
158: Schoenflies.SkeletonAccess: exit 0
159: BoundedWanderingDomains.ChartAreaLimit: exit 0
160: BoundedWanderingDomains.ConditionalPositiveArea: exit 0
161: BoundedWanderingDomains.CutoffEndLimits: exit 0
162: BoundedWanderingDomains.LocalDynamicalAreaBound: exit 0
163: RiemannDynamics.Uniformization.Perron.GreensFunction.GreenMap: exit 0
164: RiemannDynamics.Uniformization.PuncturedPlaneBridge: exit 0
165: Schoenflies.FaceCyclesProof: exit 0
166: Schoenflies.FreshAccess: exit 0
167: Schoenflies.Graph.K33Planar: exit 0
168: Schoenflies.GridAttach: exit 0
169: Schoenflies.PolyArcRealize: exit 0
170: Schoenflies.PrePolygonSep: exit 0
171: BoundedWanderingDomains.ConditionalWanderingDomains: exit 0
172: BoundedWanderingDomains.CoveringEndIntegrals: exit 0
173: RiemannDynamics.Uniformization.Perron.GreensFunction.Injective: exit 0
174: Schoenflies.BoundaryCycles: exit 0
175: Schoenflies.Graph.K33Closed: exit 0
176: Schoenflies.MatchedArc: exit 0
177: Schoenflies.PrePolygonArc: exit 0
178: BoundedWanderingDomains.AreaDeficit: exit 0
179: BoundedWanderingDomains.CoveringCutoffArea: exit 0
180: BoundedWanderingDomains.EntireFatouBridge: exit 0
181: BoundedWanderingDomains.EventualCompactDiscs: exit 0
182: RiemannDynamics.Uniformization.Perron.GreenSymmetry.Transport: exit 0
183: Schoenflies.FaceCyclesLand: exit 0
184: Schoenflies.Graph.K33Land: exit 0
185: BoundedWanderingDomains.CoveringTotalArea: exit 0
186: RiemannDynamics.Uniformization.Perron.GreenSymmetry.Symmetry: exit 0
187: Schoenflies.JordanSeparates: exit 0
188: Schoenflies.OuterChain: exit 0
189: RiemannDynamics.Uniformization.Perron.Myrberg.DeckSum: exit 0
190: Schoenflies.CrosscutEncloses: exit 0
191: Schoenflies.CrosscutExists: exit 0
192: Schoenflies.Jordan: exit 0
193: RiemannDynamics.Uniformization.Perron.Myrberg.Transfer: exit 0
194: Schoenflies.InitialPair: exit 0
195: Schoenflies.Inversion: exit 0
196: Schoenflies.OuterChainClosed: exit 0
197: RiemannDynamics.Uniformization.Perron.BipolarGreen.Pieces: exit 0
198: Schoenflies.ArcComplement: exit 0
199: Schoenflies.LimitMap: exit 0
200: RiemannDynamics.Uniformization.Perron.BipolarGreen.Harnack: exit 0
201: Schoenflies.SquareCycle: exit 0
202: RiemannDynamics.Uniformization.Perron.BipolarGreen.DriftBound: exit 0
203: Schoenflies.JordanClosed: exit 0
204: Schoenflies.SquareMeshClosed: exit 0
205: EremenkosConjecture.SquareChainNeighbourhood: exit 0
206: RiemannDynamics.Uniformization.Perron.BipolarGreen.ExteriorBound: exit 0
207: Schoenflies.BoundaryContinuity: exit 0
208: Schoenflies.CellulationInvariants: exit 0
209: Schoenflies.Endgame: exit 0
210: Schoenflies.InitialPairFixed: exit 0
211: Schoenflies.Windows: exit 0
212: EremenkosConjecture.JordanNeighbourhood: exit 0
213: RiemannDynamics.Uniformization.Perron.BipolarGreen.Barrier: exit 0
214: Schoenflies.BoundaryContinuity2: exit 0
215: Schoenflies.BoundaryCyclesGenerated: exit 0
216: Schoenflies.RealizeSplit: exit 0
217: Schoenflies.RealizeSubdiv: exit 0
218: EremenkosConjecture.ComplexJordanNeighbourhood: exit 0
219: RiemannDynamics.Uniformization.Perron.BipolarGreen.Limit: exit 0
220: Schoenflies.MatchedSplit: exit 0
221: Schoenflies.RealizeSubdivHomeo: exit 0
222: EremenkosConjecture.NestedJordanNeighbourhoods: exit 0
223: RiemannDynamics.Uniformization.Perron.BipolarGreen.DipoleMap: exit 0
224: Schoenflies.FiniteTransfer: exit 0
225: EremenkosConjecture.JordanDomains: exit 0
226: RiemannDynamics.Uniformization.Perron.BipolarGreen.Injective: exit 0
227: Schoenflies.CommonSubdivision: exit 0
228: Schoenflies.InitialGenerated: exit 0
229: RiemannDynamics.Uniformization.Perron.BipolarGreen.Assembly: exit 0
230: Schoenflies.FiniteTransferTarget: exit 0
231: RiemannDynamics.Uniformization.Trichotomy: exit 0
232: Schoenflies.FiniteTransferTargetMesh: exit 0
233: Schoenflies.InitialOuterCycle: exit 0
234: Schoenflies.StageTransition: exit 0
235: RiemannDynamics.Uniformization.PuncturedPlaneCovering: exit 0
236: Schoenflies.StageTower: exit 0
237: Schoenflies.TargetOverlay: exit 0
238: Schoenflies.FreshDenseSelection: exit 0
239: Schoenflies.QuantitativeStages: exit 0
240: Schoenflies.SourceOverlay: exit 0
241: Schoenflies.SourceAttachment: exit 0
242: Schoenflies.OverlayExtension: exit 0
243: Schoenflies.SourceJoining: exit 0
244: Schoenflies.QuantitativeForwardStages: exit 0
245: Schoenflies.QuantitativeRecursion: exit 0
246: Schoenflies.InteriorHomeomorphism: exit 0
247: Schoenflies.BoundaryAnchors: exit 0
248: Schoenflies.JordanSchoenflies: exit 0
249: EremenkosConjecture.JordanSimplyConnected: exit 0
250: EremenkosConjecture.PlaneSimpleConnectivity: exit 0
251: EremenkosConjecture.FilledDomainComponents: exit 0
252: BoundedWanderingDomains.TrappedSimpleConnectivity: exit 0
253: BoundedWanderingDomains.PointOrbitBridge: exit 0
254: BoundedWanderingDomains.BoundedPointWandering: exit 0
255: BoundedWanderingDomains: exit 0
256: CoveringSolution: exit 0
257: RiemannDynamics.BoundedWanderingSolution: exit 0
258: Solution: exit 0
All local modules compiled
