⚠ [2834/2835] Replayed Challenge
warning: Challenge.lean:322:8: declaration uses `sorry`
warning: Challenge.lean:325:8: declaration uses `sorry`
warning: Challenge.lean:333:8: declaration uses `sorry`
warning: Challenge.lean:344:8: declaration uses `sorry`
warning: Challenge.lean:347:8: declaration uses `sorry`
warning: Challenge.lean:351:8: declaration uses `sorry`
warning: Challenge.lean:363:8: declaration uses `sorry`
warning: Challenge.lean:385:8: declaration uses `sorry`
warning: Challenge.lean:405:8: declaration uses `sorry`
warning: Challenge.lean:417:8: declaration uses `sorry`
warning: Challenge.lean:472:8: declaration uses `sorry`
warning: Challenge.lean:483:8: declaration uses `sorry`
warning: Challenge.lean:491:8: declaration uses `sorry`
warning: Challenge.lean:499:8: declaration uses `sorry`
warning: Challenge.lean:523:8: declaration uses `sorry`
warning: Challenge.lean:560:8: declaration uses `sorry`
warning: Challenge.lean:715:8: declaration uses `sorry`
warning: Challenge.lean:727:8: declaration uses `sorry`
warning: Challenge.lean:743:8: declaration uses `sorry`
Build completed successfully (2835 jobs).
✔ [4263/4296] Built BoundedWanderingDomains.Surfaces.FiniteModelArea (36s)
✔ [4264/4296] Built BoundedWanderingDomains.Surfaces.Disconnected.ComponentwiseFiniteArea (36s)
✔ [4265/4296] Built BoundedWanderingDomains.Surfaces.FiniteAreaPunctures (37s)
✔ [4266/4296] Built BoundedWanderingDomains.Surfaces.Disconnected.ComponentwiseCuspArea (35s)
✔ [4267/4296] Built BoundedWanderingDomains.Surfaces.SingularEncounters.EventualComponentArea (37s)
✔ [4268/4296] Built BoundedWanderingDomains.Surfaces.Disconnected.ComponentwiseFiniteAreaPunctures (35s)
✔ [4269/4296] Built BoundedWanderingDomains.Surfaces.Disconnected.ComponentwiseFiniteComplementArea (37s)
✔ [4270/4296] Built BoundedWanderingDomains.Surfaces.SingularEncounters.FiniteComponentContradiction (40s)
✔ [4271/4296] Built BoundedWanderingDomains.Surfaces.Disconnected.FiniteComponentPositiveArea (40s)
✔ [4272/4296] Built BoundedWanderingDomains.Surfaces.SingularEncounters.CompactEncounterPoint (39s)
✔ [4273/4296] Built BoundedWanderingDomains.Surfaces.Disconnected.CompactPositiveAreaReduction (37s)
✔ [4274/4296] Built BoundedWanderingDomains.Surfaces.SingularEncounters.SurfaceFiniteControl (35s)
✔ [4275/4296] Built BoundedWanderingDomains.Surfaces.SingularEncounters.CompactWanderingEncounters (37s)
✔ [4276/4296] Built BoundedWanderingDomains.Surfaces.SingularEncounters.SurfaceAlmostEverywhere (36s)
✔ [4277/4296] Built BoundedWanderingDomains.Surfaces.SingularEncounters.HyperbolicWanderingEncounters (36s)
✔ [4278/4296] Built BoundedWanderingDomains.Surfaces.AlmostEverywhere.CompactSource (35s)
✔ [4279/4296] Built BoundedWanderingDomains.Surfaces.AlmostEverywhere.DerivedSingular (35s)
✔ [4280/4296] Built BoundedWanderingDomains.Surfaces.Disconnected.FiniteVisitedWandering (37s)
✔ [4281/4296] Built BoundedWanderingDomains.Surfaces.SurfacePositiveArea (35s)
✔ [4282/4296] Built BoundedWanderingDomains.Surfaces.Disconnected.CompactWanderingReduction (34s)
✔ [4283/4296] Built BoundedWanderingDomains.Surfaces.SingularEncounters.SurfaceWanderingEncounters (33s)
✔ [4284/4296] Built BoundedWanderingDomains.Surfaces.SurfaceOrbitEscape (36s)
✔ [4285/4296] Built BoundedWanderingDomains.Surfaces.SingularEncounters.Results (36s)
✔ [4286/4296] Built BoundedWanderingDomains.Surfaces.SurfaceDerivedLimits (36s)
✔ [4287/4296] Built BoundedWanderingDomains.EntireBoundedOrbit (36s)
✔ [4288/4296] Built BoundedWanderingDomains.Surfaces.AlmostEverywhere.Results (36s)
✔ [4289/4296] Built BoundedWanderingDomains.MeromorphicDerivedSingular (36s)
✔ [4290/4296] Built BoundedWanderingDomains.EntireDerivedSingular (35s)
✔ [4291/4296] Built BoundedWanderingDomains.Surfaces.FiniteType (35s)
✔ [4292/4296] Built BoundedWanderingDomains.GlobalLimitStatements (36s)
✔ [4293/4296] Built BoundedWanderingDomains.NoWanderingCorollaries (36s)
✔ [4294/4296] Built BoundedWanderingDomains.All (34s)
✔ [4295/4296] Built Solution (34s)
Build completed successfully (4296 jobs).
