'RiemannDynamics.exists_hyperbolicMetric' depends on axioms: [propext, Classical.choice, Quot.sound]
'RiemannDynamics.exists_hyperbolicMetric_of_diffeomorph' depends on axioms: [propext, Classical.choice, Quot.sound]
'AreaDeficit.Surfaces.exists_smooth_separating_cutoff' depends on axioms: [propext, Classical.choice, Quot.sound]
'AreaDeficit.Surfaces.exists_smooth_separating_cutoff_mfderiv' depends on axioms: [propext,
 Classical.choice,
 Quot.sound]
'AreaDeficit.Surfaces.hasCompactSupport_chartLaplacian' depends on axioms: [propext, Classical.choice, Quot.sound]
'AreaDeficit.Surfaces.disjoint_tsupport_chartLaplacian_of_const_near' depends on axioms: [propext,
 Classical.choice,
 Quot.sound]
'SurfaceDynamics.tendsto_infty_iff_leaves_compacts' depends on axioms: [propext, Classical.choice, Quot.sound]
'SurfaceDynamics.escape_or_convergent_subsequence' depends on axioms: [propext, Classical.choice, Quot.sound]
'SurfaceDynamics.LocalMap.iterate_eq_some_orbit' depends on axioms: [propext, Classical.choice, Quot.sound]
'SurfaceDynamics.LocalMap.continuous_orbit' depends on axioms: [propext, Classical.choice, Quot.sound]
'SurfaceDynamics.LocalMap.omega_subset_source' depends on axioms: [propext, Classical.choice, Quot.sound]
'SurfaceDynamics.LocalMap.isClosed_singularValues' depends on axioms: [propext, Classical.choice, Quot.sound]
'AreaDeficit.Surfaces.unitDisc_simplyConnected' depends on axioms: [propext, Classical.choice, Quot.sound]
'AreaDeficit.Surfaces.exists_eventually_large_area' depends on axioms: [propext, Classical.choice, Quot.sound]
'AreaDeficit.Surfaces.no_uniform_finite_area_bound' depends on axioms: [propext, Classical.choice, Quot.sound]
'AreaDeficit.Surfaces.isManifold_real_of_complex' depends on axioms: [propext, Classical.choice, Quot.sound]
'AreaDeficit.Surfaces.exists_surface_separating_cutoff' depends on axioms: [propext, Classical.choice, Quot.sound]
'AreaDeficit.Surfaces.mdifferentiableOn_symm' depends on axioms: [propext, Classical.choice, Quot.sound]
'AreaDeficit.Surfaces.mdifferentiable_lift' depends on axioms: [propext, Classical.choice, Quot.sound]
'AreaDeficit.Surfaces.exists_holomorphic_lift' depends on axioms: [propext, Classical.choice, Quot.sound]
'AreaDeficit.Surfaces.planeExtension_deriv_comp' depends on axioms: [propext, Classical.choice, Quot.sound]
'AreaDeficit.Surfaces.disc_schwarz_at' depends on axioms: [propext, Classical.choice, Quot.sound]
'AreaDeficit.Surfaces.unitDisc_schwarz' depends on axioms: [propext, Classical.choice, Quot.sound]
'AreaDeficit.Surfaces.coordinate_deriv_ne_zero' depends on axioms: [propext, Classical.choice, Quot.sound]
'AreaDeficit.Surfaces.DiscCover.fibreDensity_eq' depends on axioms: [propext, Classical.choice, Quot.sound]
'AreaDeficit.Surfaces.DiscCover.density_independent' depends on axioms: [propext, Classical.choice, Quot.sound]
'AreaDeficit.Surfaces.DiscCover.density_pos' depends on axioms: [propext, Classical.choice, Quot.sound]
'AreaDeficit.Surfaces.DiscCover.local_density_expression' depends on axioms: [propext, Classical.choice, Quot.sound]
'AreaDeficit.Surfaces.DiscCover.chartDensity_contDiffAt' depends on axioms: [propext, Classical.choice, Quot.sound]
'AreaDeficit.Surfaces.DiscCover.chartDensity_curvature' depends on axioms: [propext, Classical.choice, Quot.sound]
