ℹ [3507/3560] Replayed BoundedWanderingDomains.AreaDeficitCore
info: BoundedWanderingDomains/AreaDeficitCore.lean:221:0: 'AreaDeficitCore.curvature_sign' depends on axioms: [propext, Classical.choice, Quot.sound]
info: BoundedWanderingDomains/AreaDeficitCore.lean:222:0: 'AreaDeficitCore.primitive_bounds' depends on axioms: [propext, Classical.choice, Quot.sound]
info: BoundedWanderingDomains/AreaDeficitCore.lean:223:0: 'AreaDeficitCore.slope_scaled_tendsto' depends on axioms: [propext, Classical.choice, Quot.sound]
info: BoundedWanderingDomains/AreaDeficitCore.lean:224:0: 'AreaDeficitCore.smooth_cutoff_bound' depends on axioms: [propext, Classical.choice, Quot.sound]
info: BoundedWanderingDomains/AreaDeficitCore.lean:225:0: 'AreaDeficitCore.fatou_uniform_bound' depends on axioms: [propext, Classical.choice, Quot.sound]
info: BoundedWanderingDomains/AreaDeficitCore.lean:226:0: 'AreaDeficitCore.positive_part_area_bound' depends on axioms: [propext, Classical.choice, Quot.sound]
ℹ [3554/3560] Replayed BoundedWanderingDomains.ConformalLaplacian
info: BoundedWanderingDomains/ConformalLaplacian.lean:113:0: 'AreaDeficit.pullback_density_curvature' depends on axioms: [propext, Classical.choice, Quot.sound]
ℹ [3570/3682] Replayed BoundedWanderingDomains.FinitePunctureMetricInput
info: BoundedWanderingDomains/FinitePunctureMetricInput.lean:144:0: 'AreaDeficit.FinitePunctureMetricInput.density_mono' depends on axioms: [propext, Classical.choice, Quot.sound]
info: BoundedWanderingDomains/FinitePunctureMetricInput.lean:145:0: 'AreaDeficit.FinitePunctureMetricInput.insertion_area_cost' depends on axioms: [propext, Classical.choice, Quot.sound]
ℹ [3718/3795] Replayed BoundedWanderingDomains.LocalMetricComparison
info: BoundedWanderingDomains/LocalMetricComparison.lean:138:0: 'AreaDeficit.FinitePunctureMetricInput.compact_log_comparison' depends on axioms: [propext,
 Classical.choice,
 Quot.sound]
ℹ [3721/3795] Replayed BoundedWanderingDomains.LocalIntegratedDeficit
info: BoundedWanderingDomains/LocalIntegratedDeficit.lean:147:0: 'AreaDeficit.FinitePunctureMetricInput.local_integrated_deficit' depends on axioms: [propext,
 Classical.choice,
 Quot.sound]
info: BoundedWanderingDomains/LocalIntegratedDeficit.lean:148:0: 'AreaDeficit.FinitePunctureMetricInput.local_area_advance' depends on axioms: [propext, Classical.choice, Quot.sound]
info: BoundedWanderingDomains/LocalIntegratedDeficit.lean:149:0: 'AreaDeficit.FinitePunctureMetricInput.local_cancellation_bound' depends on axioms: [propext,
 Classical.choice,
 Quot.sound]
ℹ [3723/3795] Replayed BoundedWanderingDomains.LocalDynamicalAreaBound
info: BoundedWanderingDomains/LocalDynamicalAreaBound.lean:52:0: 'AreaDeficit.FinitePunctureMetricInput.local_dynamical_area_bound' depends on axioms: [propext,
 Classical.choice,
 Quot.sound]
ℹ [3725/3795] Replayed BoundedWanderingDomains.LocalPunctureSequence
info: BoundedWanderingDomains/LocalPunctureSequence.lean:98:0: 'AreaDeficit.exists_local_puncture_sequence' depends on axioms: [propext, Classical.choice, Quot.sound]
ℹ [3734/3795] Replayed BoundedWanderingDomains.DiscSchwarzPick
info: BoundedWanderingDomains/DiscSchwarzPick.lean:57:0: 'AreaDeficit.disc_schwarz_centre' depends on axioms: [propext, Classical.choice, Quot.sound]
ℹ [3735/3795] Replayed BoundedWanderingDomains.InteriorDensityLimit
info: BoundedWanderingDomains/InteriorDensityLimit.lean:119:0: 'AreaDeficit.FinitePunctureMetricInput.density_limit_lower' depends on axioms: [propext, Classical.choice, Quot.sound]
ℹ [3759/3795] Replayed BoundedWanderingDomains.ChartAreaLimit
info: BoundedWanderingDomains/ChartAreaLimit.lean:99:0: 'AreaDeficit.FinitePunctureMetricInput.chart_area_bound' depends on axioms: [propext, Classical.choice, Quot.sound]
info: BoundedWanderingDomains/ChartAreaLimit.lean:100:0: 'AreaDeficit.chart_disc_area' depends on axioms: [propext, Classical.choice, Quot.sound]
ℹ [3764/3795] Replayed BoundedWanderingDomains.ChartDiscs
info: BoundedWanderingDomains/ChartDiscs.lean:88:0: 'AreaDeficit.mapsTo_chartDisc' depends on axioms: [propext, Classical.choice, Quot.sound]
ℹ [3765/3795] Replayed BoundedWanderingDomains.ConditionalWanderingDomains
info: BoundedWanderingDomains/ConditionalWanderingDomains.lean:172:0: 'AreaDeficit.FinitePunctureMetricInput.no_wandering_chart_orbit_with_anchors' depends on axioms: [propext,
 Classical.choice,
 Quot.sound]
info: BoundedWanderingDomains/ConditionalWanderingDomains.lean:173:0: 'AreaDeficit.FinitePunctureMetricInput.no_wandering_component_orbit' depends on axioms: [propext,
 Classical.choice,
 Quot.sound]
ℹ [3776/3795] Replayed BoundedWanderingDomains.EntireFatouBridge
info: BoundedWanderingDomains/EntireFatouBridge.lean:74:0: 'AreaDeficit.fatou_orbit_eq_trapped_components' depends on axioms: [propext, Classical.choice, Quot.sound]
ℹ [3998/4006] Replayed BoundedWanderingDomains.TrappedSimpleConnectivity
info: BoundedWanderingDomains/TrappedSimpleConnectivity.lean:70:0: 'AreaDeficit.trapped_closed_disc_no_bounded_complement' depends on axioms: [propext, Classical.choice, Quot.sound]
info: BoundedWanderingDomains/TrappedSimpleConnectivity.lean:71:0: 'AreaDeficit.bounded_fatou_orbit_simplyConnected' depends on axioms: [propext, Classical.choice, Quot.sound]
ℹ [4000/4006] Replayed BoundedWanderingDomains.TrappedComponentCovering
info: BoundedWanderingDomains/TrappedComponentCovering.lean:142:0: 'AreaDeficit.eventually_deriv_ne_zero_on_disjoint_domains' depends on axioms: [propext, Classical.choice, Quot.sound]
info: BoundedWanderingDomains/TrappedComponentCovering.lean:143:0: 'AreaDeficit.closure_component_preimage_trapped' depends on axioms: [propext, Classical.choice, Quot.sound]
ℹ [4005/4006] Replayed BoundedWanderingDomains.EventualCompactDiscs
info: BoundedWanderingDomains/EventualCompactDiscs.lean:123:0: 'AreaDeficit.FinitePunctureMetricInput.no_wandering_chart_orbit_with_eventual_compact_discs' depends on axioms: [propext,
 Classical.choice,
 Quot.sound]
ℹ [4006/4006] Built BoundedWanderingDomains.BoundedPointWandering (15s)
info: BoundedWanderingDomains/BoundedPointWandering.lean:130:0: 'AreaDeficit.FinitePunctureMetricInput.no_wandering_fatou_orbit_of_bounded_point' depends on axioms: [propext,
 Classical.choice,
 Quot.sound]
Build completed successfully (4006 jobs).
